// Jest Snapshot v1, https://goo.gl/fbAQLP

exports[`SearchResults component renders 1`] = `ShallowWrapper {}`;
